// Jest Snapshot v1, https://goo.gl/fbAQLP

exports[`withAudioPlayer is rendered correctly 1`] = `null`;
